Archive member included to satisfy reference by file (symbol)

/opt/st/stm32cubeide_2.0.0/plugins/com.st.stm32cube.ide.mcu.externaltools.gnu-tools-for-stm32.13.3.rel1.linux64_1.0.100.202509120712/tools/bin/../lib/gcc/arm-none-eabi/13.3.1/../../../../arm-none-eabi/lib/thumb/v7e-m/nofp/libc_nano.a(libc_a-exit.o)
                              /opt/st/stm32cubeide_2.0.0/plugins/com.st.stm32cube.ide.mcu.externaltools.gnu-tools-for-stm32.13.3.rel1.linux64_1.0.100.202509120712/tools/bin/../lib/gcc/arm-none-eabi/13.3.1/../../../../arm-none-eabi/lib/thumb/v7e-m/nofp/crt0.o (exit)
/opt/st/stm32cubeide_2.0.0/plugins/com.st.stm32cube.ide.mcu.externaltools.gnu-tools-for-stm32.13.3.rel1.linux64_1.0.100.202509120712/tools/bin/../lib/gcc/arm-none-eabi/13.3.1/../../../../arm-none-eabi/lib/thumb/v7e-m/nofp/libc_nano.a(libc_a-findfp.o)
                              /opt/st/stm32cubeide_2.0.0/plugins/com.st.stm32cube.ide.mcu.externaltools.gnu-tools-for-stm32.13.3.rel1.linux64_1.0.100.202509120712/tools/bin/../lib/gcc/arm-none-eabi/13.3.1/../../../../arm-none-eabi/lib/thumb/v7e-m/nofp/libc_nano.a(libc_a-exit.o) (__stdio_exit_handler)
/opt/st/stm32cubeide_2.0.0/plugins/com.st.stm32cube.ide.mcu.externaltools.gnu-tools-for-stm32.13.3.rel1.linux64_1.0.100.202509120712/tools/bin/../lib/gcc/arm-none-eabi/13.3.1/../../../../arm-none-eabi/lib/thumb/v7e-m/nofp/libc_nano.a(libc_a-fwalk.o)
                              /opt/st/stm32cubeide_2.0.0/plugins/com.st.stm32cube.ide.mcu.externaltools.gnu-tools-for-stm32.13.3.rel1.linux64_1.0.100.202509120712/tools/bin/../lib/gcc/arm-none-eabi/13.3.1/../../../../arm-none-eabi/lib/thumb/v7e-m/nofp/libc_nano.a(libc_a-findfp.o) (_fwalk_sglue)
/opt/st/stm32cubeide_2.0.0/plugins/com.st.stm32cube.ide.mcu.externaltools.gnu-tools-for-stm32.13.3.rel1.linux64_1.0.100.202509120712/tools/bin/../lib/gcc/arm-none-eabi/13.3.1/../../../../arm-none-eabi/lib/thumb/v7e-m/nofp/libc_nano.a(libc_a-stdio.o)
                              /opt/st/stm32cubeide_2.0.0/plugins/com.st.stm32cube.ide.mcu.externaltools.gnu-tools-for-stm32.13.3.rel1.linux64_1.0.100.202509120712/tools/bin/../lib/gcc/arm-none-eabi/13.3.1/../../../../arm-none-eabi/lib/thumb/v7e-m/nofp/libc_nano.a(libc_a-findfp.o) (__sread)
/opt/st/stm32cubeide_2.0.0/plugins/com.st.stm32cube.ide.mcu.externaltools.gnu-tools-for-stm32.13.3.rel1.linux64_1.0.100.202509120712/tools/bin/../lib/gcc/arm-none-eabi/13.3.1/../../../../arm-none-eabi/lib/thumb/v7e-m/nofp/libc_nano.a(libc_a-memset.o)
                              /opt/st/stm32cubeide_2.0.0/plugins/com.st.stm32cube.ide.mcu.externaltools.gnu-tools-for-stm32.13.3.rel1.linux64_1.0.100.202509120712/tools/bin/../lib/gcc/arm-none-eabi/13.3.1/../../../../arm-none-eabi/lib/thumb/v7e-m/nofp/crt0.o (memset)
/opt/st/stm32cubeide_2.0.0/plugins/com.st.stm32cube.ide.mcu.externaltools.gnu-tools-for-stm32.13.3.rel1.linux64_1.0.100.202509120712/tools/bin/../lib/gcc/arm-none-eabi/13.3.1/../../../../arm-none-eabi/lib/thumb/v7e-m/nofp/libc_nano.a(libc_a-closer.o)
                              /opt/st/stm32cubeide_2.0.0/plugins/com.st.stm32cube.ide.mcu.externaltools.gnu-tools-for-stm32.13.3.rel1.linux64_1.0.100.202509120712/tools/bin/../lib/gcc/arm-none-eabi/13.3.1/../../../../arm-none-eabi/lib/thumb/v7e-m/nofp/libc_nano.a(libc_a-stdio.o) (_close_r)
/opt/st/stm32cubeide_2.0.0/plugins/com.st.stm32cube.ide.mcu.externaltools.gnu-tools-for-stm32.13.3.rel1.linux64_1.0.100.202509120712/tools/bin/../lib/gcc/arm-none-eabi/13.3.1/../../../../arm-none-eabi/lib/thumb/v7e-m/nofp/libc_nano.a(libc_a-reent.o)
                              /opt/st/stm32cubeide_2.0.0/plugins/com.st.stm32cube.ide.mcu.externaltools.gnu-tools-for-stm32.13.3.rel1.linux64_1.0.100.202509120712/tools/bin/../lib/gcc/arm-none-eabi/13.3.1/../../../../arm-none-eabi/lib/thumb/v7e-m/nofp/libc_nano.a(libc_a-closer.o) (errno)
/opt/st/stm32cubeide_2.0.0/plugins/com.st.stm32cube.ide.mcu.externaltools.gnu-tools-for-stm32.13.3.rel1.linux64_1.0.100.202509120712/tools/bin/../lib/gcc/arm-none-eabi/13.3.1/../../../../arm-none-eabi/lib/thumb/v7e-m/nofp/libc_nano.a(libc_a-impure.o)
                              /opt/st/stm32cubeide_2.0.0/plugins/com.st.stm32cube.ide.mcu.externaltools.gnu-tools-for-stm32.13.3.rel1.linux64_1.0.100.202509120712/tools/bin/../lib/gcc/arm-none-eabi/13.3.1/../../../../arm-none-eabi/lib/thumb/v7e-m/nofp/libc_nano.a(libc_a-reent.o) (_impure_ptr)
/opt/st/stm32cubeide_2.0.0/plugins/com.st.stm32cube.ide.mcu.externaltools.gnu-tools-for-stm32.13.3.rel1.linux64_1.0.100.202509120712/tools/bin/../lib/gcc/arm-none-eabi/13.3.1/../../../../arm-none-eabi/lib/thumb/v7e-m/nofp/libc_nano.a(libc_a-lseekr.o)
                              /opt/st/stm32cubeide_2.0.0/plugins/com.st.stm32cube.ide.mcu.externaltools.gnu-tools-for-stm32.13.3.rel1.linux64_1.0.100.202509120712/tools/bin/../lib/gcc/arm-none-eabi/13.3.1/../../../../arm-none-eabi/lib/thumb/v7e-m/nofp/libc_nano.a(libc_a-stdio.o) (_lseek_r)
[...]
Memory Configuration

Name             Origin             Length             Attributes
RAM              0x20000000         0x00020000         xrw
FLASH            0x08000000         0x00080000         xr
*default*        0x00000000         0xffffffff

Linker script and memory map

LOAD /opt/st/stm32cubeide_2.0.0/plugins/com.st.stm32cube.ide.mcu.externaltools.gnu-tools-for-stm32.13.3.rel1.linux64_1.0.100.202509120712/tools/bin/../lib/gcc/arm-none-eabi/13.3.1/thumb/v7e-m/nofp/crti.o
LOAD /opt/st/stm32cubeide_2.0.0/plugins/com.st.stm32cube.ide.mcu.externaltools.gnu-tools-for-stm32.13.3.rel1.linux64_1.0.100.202509120712/tools/bin/../lib/gcc/arm-none-eabi/13.3.1/thumb/v7e-m/nofp/crtbegin.o
LOAD /opt/st/stm32cubeide_2.0.0/plugins/com.st.stm32cube.ide.mcu.externaltools.gnu-tools-for-stm32.13.3.rel1.linux64_1.0.100.202509120712/tools/bin/../lib/gcc/arm-none-eabi/13.3.1/../../../../arm-none-eabi/lib/thumb/v7e-m/nofp/crt0.o
LOAD ./DRIVERS/SRC/STM32F446XX_GPIO_DRIVER.o
LOAD ./Src/001_Led_Toggle.o
LOAD ./Src/syscalls.o
LOAD ./Src/sysmem.o
LOAD ./Startup/startup_stm32f446retx.o
START GROUP
LOAD /opt/st/stm32cubeide_2.0.0/plugins/com.st.stm32cube.ide.mcu.externaltools.gnu-tools-for-stm32.13.3.rel1.linux64_1.0.100.202509120712/tools/bin/../lib/gcc/arm-none-eabi/13.3.1/../../../../arm-none-eabi/lib/thumb/v7e-m/nofp/libc_nano.a
LOAD /opt/st/stm32cubeide_2.0.0/plugins/com.st.stm32cube.ide.mcu.externaltools.gnu-tools-for-stm32.13.3.rel1.linux64_1.0.100.202509120712/tools/bin/../lib/gcc/arm-none-eabi/13.3.1/../../../../arm-none-eabi/lib/thumb/v7e-m/nofp/libm.a
END GROUP
START GROUP
LOAD /opt/st/stm32cubeide_2.0.0/plugins/com.st.stm32cube.ide.mcu.externaltools.gnu-tools-for-stm32.13.3.rel1.linux64_1.0.100.202509120712/tools/bin/../lib/gcc/arm-none-eabi/13.3.1/thumb/v7e-m/nofp/libgcc.a
LOAD /opt/st/stm32cubeide_2.0.0/plugins/com.st.stm32cube.ide.mcu.externaltools.gnu-tools-for-stm32.13.3.rel1.linux64_1.0.100.202509120712/tools/bin/../lib/gcc/arm-none-eabi/13.3.1/../../../../arm-none-eabi/lib/thumb/v7e-m/nofp/libc_nano.a
END GROUP
START GROUP
LOAD /opt/st/stm32cubeide_2.0.0/plugins/com.st.stm32cube.ide.mcu.externaltools.gnu-tools-for-stm32.13.3.rel1.linux64_1.0.100.202509120712/tools/bin/../lib/gcc/arm-none-eabi/13.3.1/thumb/v7e-m/nofp/libgcc.a
LOAD /opt/st/stm32cubeide_2.0.0/plugins/com.st.stm32cube.ide.mcu.externaltools.gnu-tools-for-stm32.13.3.rel1.linux64_1.0.100.202509120712/tools/bin/../lib/gcc/arm-none-eabi/13.3.1/../../../../arm-none-eabi/lib/thumb/v7e-m/nofp/libc_nano.a
LOAD /opt/st/stm32cubeide_2.0.0/plugins/com.st.stm32cube.ide.mcu.externaltools.gnu-tools-for-stm32.13.3.rel1.linux64_1.0.100.202509120712/tools/bin/../lib/gcc/arm-none-eabi/13.3.1/../../../../arm-none-eabi/lib/thumb/v7e-m/nofp/libnosys.a
END GROUP
START GROUP
LOAD /opt/st/stm32cubeide_2.0.0/plugins/com.st.stm32cube.ide.mcu.externaltools.gnu-tools-for-stm32.13.3.rel1.linux64_1.0.100.202509120712/tools/bin/../lib/gcc/arm-none-eabi/13.3.1/thumb/v7e-m/nofp/libgcc.a
LOAD /opt/st/stm32cubeide_2.0.0/plugins/com.st.stm32cube.ide.mcu.externaltools.gnu-tools-for-stm32.13.3.rel1.linux64_1.0.100.202509120712/tools/bin/../lib/gcc/arm-none-eabi/13.3.1/../../../../arm-none-eabi/lib/thumb/v7e-m/nofp/libc_nano.a
LOAD /opt/st/stm32cubeide_2.0.0/plugins/com.st.stm32cube.ide.mcu.externaltools.gnu-tools-for-stm32.13.3.rel1.linux64_1.0.100.202509120712/tools/bin/../lib/gcc/arm-none-eabi/13.3.1/../../../../arm-none-eabi/lib/thumb/v7e-m/nofp/libnosys.a
END GROUP
LOAD /opt/st/stm32cubeide_2.0.0/plugins/com.st.stm32cube.ide.mcu.externaltools.gnu-tools-for-stm32.13.3.rel1.linux64_1.0.100.202509120712/tools/bin/../lib/gcc/arm-none-eabi/13.3.1/thumb/v7e-m/nofp/crtend.o
LOAD /opt/st/stm32cubeide_2.0.0/plugins/com.st.stm32cube.ide.mcu.externaltools.gnu-tools-for-stm32.13.3.rel1.linux64_1.0.100.202509120712/tools/bin/../lib/gcc/arm-none-eabi/13.3.1/thumb/v7e-m/nofp/crtn.o
                0x20020000                        _estack = (ORIGIN (RAM) + LENGTH (RAM))
                0x00000200                        _Min_Heap_Size = 0x200
                0x00000400                        _Min_Stack_Size = 0x400

.isr_vector     0x08000000      0x1c4
                0x08000000                        . = ALIGN (0x4)
 *(.isr_vector)
 .isr_vector    0x08000000      0x1c4 ./Startup/startup_stm32f446retx.o
                0x08000000                g_pfnVectors
                0x080001c4                        . = ALIGN (0x4)

.text           0x080001c4      0x4bc
                0x080001c4                        . = ALIGN (0x4)
 *(.text)
 .text          0x080001c4       0x40 /opt/st/stm32cubeide_2.0.0/plugins/com.st.stm32cube.ide.mcu.externaltools.gnu-tools-for-stm32.13.3.rel1.linux64_1.0.100.202509120712/tools/bin/../lib/gcc/arm-none-eabi/13.3.1/thumb/v7e-m/nofp/crtbegin.o
 *(.text*)
 .text.GPIO_PeriClockControl
                0x08000204      0x1a0 ./DRIVERS/SRC/STM32F446XX_GPIO_DRIVER.o
                0x08000204                GPIO_PeriClockControl
 .text.GPIO_Init
                0x080003a4      0x190 ./DRIVERS/SRC/STM32F446XX_GPIO_DRIVER.o
                0x080003a4                GPIO_Init
 .text.GPIO_ToggleOutputPin
                0x08000534       0x28 ./DRIVERS/SRC/STM32F446XX_GPIO_DRIVER.o
                0x08000534                GPIO_ToggleOutputPin
 .text.delay    0x0800055c       0x2c ./Src/001_Led_Toggle.o
                0x0800055c                delay
 .text.main     0x08000588       0x44 ./Src/001_Led_Toggle.o
                0x08000588                main
 .text.Reset_Handler
                0x080005cc       0x50 ./Startup/startup_stm32f446retx.o
                0x080005cc                Reset_Handler
 .text.Default_Handler
                0x0800061c        0x2 ./Startup/startup_stm32f446retx.o
                0x0800061c                RTC_Alarm_IRQHandler
                0x0800061c                EXTI2_IRQHandler
                0x0800061c                TIM8_CC_IRQHandler
                0x0800061c                SPDIF_Rx_IRQHandler
                0x0800061c                DebugMon_Handler
                0x0800061c                SPI4_IRQHandler
                0x0800061c                TIM1_CC_IRQHandler
                0x0800061c                QuadSPI_IRQHandler
                0x0800061c                DMA2_Stream5_IRQHandler
                0x0800061c                HardFault_Handler
                0x0800061c                DMA1_Stream5_IRQHandler
                0x0800061c                SysTick_Handler
                0x0800061c                PVD_IRQHandler
                0x0800061c                SDIO_IRQHandler
                0x0800061c                TAMP_STAMP_IRQHandler
                0x0800061c                PendSV_Handler
                0x0800061c                NMI_Handler
                0x0800061c                CAN2_RX1_IRQHandler
                0x0800061c                EXTI3_IRQHandler
                0x0800061c                TIM8_TRG_COM_TIM14_IRQHandler
                0x0800061c                TIM1_UP_TIM10_IRQHandler
                0x0800061c                FMPI2C1_error_IRQHandler
                0x0800061c                TIM8_UP_TIM13_IRQHandler
                0x0800061c                I2C3_ER_IRQHandler
                0x0800061c                EXTI0_IRQHandler
                0x0800061c                I2C2_EV_IRQHandler
                0x0800061c                DMA1_Stream2_IRQHandler
                0x0800061c                CAN1_RX0_IRQHandler
                0x0800061c                OTG_HS_WKUP_IRQHandler
                0x0800061c                UsageFault_Handler
                0x0800061c                CAN2_SCE_IRQHandler
                0x0800061c                DMA2_Stream2_IRQHandler
                0x0800061c                SPI1_IRQHandler
                0x0800061c                TIM6_DAC_IRQHandler
                0x0800061c                TIM1_BRK_TIM9_IRQHandler
                0x0800061c                DCMI_IRQHandler
                0x0800061c                CAN2_RX0_IRQHandler
                0x0800061c                DMA2_Stream3_IRQHandler
                0x0800061c                FMPI2C1_IRQHandler
                0x0800061c                SAI2_IRQHandler
                0x0800061c                USART6_IRQHandler
                0x0800061c                USART3_IRQHandler
                0x0800061c                CAN1_RX1_IRQHandler
                0x0800061c                UART5_IRQHandler
                0x0800061c                DMA2_Stream0_IRQHandler
                0x0800061c                TIM4_IRQHandler
                0x0800061c                I2C1_EV_IRQHandler
                0x0800061c                HDMI_CEC_IRQHandler
                0x0800061c                DMA1_Stream6_IRQHandler
                0x0800061c                DMA1_Stream1_IRQHandler
                0x0800061c                UART4_IRQHandler
                0x0800061c                TIM3_IRQHandler
                0x0800061c                RCC_IRQHandler
                0x0800061c                TIM8_BRK_TIM12_IRQHandler
                0x0800061c                Default_Handler
                0x0800061c                EXTI15_10_IRQHandler
                0x0800061c                ADC_IRQHandler
                0x0800061c                DMA1_Stream7_IRQHandler
                0x0800061c                TIM7_IRQHandler
                0x0800061c                CAN2_TX_IRQHandler
                0x0800061c                TIM5_IRQHandler
                0x0800061c                DMA2_Stream7_IRQHandler
                0x0800061c                I2C3_EV_IRQHandler
                0x0800061c                EXTI9_5_IRQHandler
                0x0800061c                RTC_WKUP_IRQHandler
                0x0800061c                SPI2_IRQHandler
                0x0800061c                OTG_HS_EP1_IN_IRQHandler
                0x0800061c                MemManage_Handler
                0x0800061c                DMA1_Stream0_IRQHandler
                0x0800061c                CAN1_TX_IRQHandler
                0x0800061c                SVC_Handler
                0x0800061c                EXTI4_IRQHandler
                0x0800061c                OTG_HS_EP1_OUT_IRQHandler
                0x0800061c                WWDG_IRQHandler
                0x0800061c                TIM2_IRQHandler
                0x0800061c                OTG_FS_WKUP_IRQHandler
                0x0800061c                TIM1_TRG_COM_TIM11_IRQHandler
                0x0800061c                OTG_HS_IRQHandler
                0x0800061c                EXTI1_IRQHandler
                0x0800061c                USART2_IRQHandler
                0x0800061c                I2C2_ER_IRQHandler
                0x0800061c                DMA2_Stream1_IRQHandler
                0x0800061c                CAN1_SCE_IRQHandler
                0x0800061c                FLASH_IRQHandler
                0x0800061c                DMA2_Stream4_IRQHandler
                0x0800061c                BusFault_Handler
                0x0800061c                USART1_IRQHandler
                0x0800061c                OTG_FS_IRQHandler
                0x0800061c                SPI3_IRQHandler
                0x0800061c                DMA1_Stream4_IRQHandler
                0x0800061c                I2C1_ER_IRQHandler
                0x0800061c                FMC_IRQHandler
                0x0800061c                DMA2_Stream6_IRQHandler
                0x0800061c                SAI1_IRQHandler
                0x0800061c                DMA1_Stream3_IRQHandler
 *fill*         0x0800061e        0x2 
 .text.__libc_init_array
                0x08000620       0x48 /opt/st/stm32cubeide_2.0.0/plugins/com.st.stm32cube.ide.mcu.externaltools.gnu-tools-for-stm32.13.3.rel1.linux64_1.0.100.202509120712/tools/bin/../lib/gcc/arm-none-eabi/13.3.1/../../../../arm-none-eabi/lib/thumb/v7e-m/nofp/libc_nano.a(libc_a-init.o)
                0x08000620                __libc_init_array
 *(.glue_7)
 .glue_7        0x08000668        0x0 linker stubs
 *(.glue_7t)
 .glue_7t       0x08000668        0x0 linker stubs
 *(.eh_frame)
 .eh_frame      0x08000668        0x0 /opt/st/stm32cubeide_2.0.0/plugins/com.st.stm32cube.ide.mcu.externaltools.gnu-tools-for-stm32.13.3.rel1.linux64_1.0.100.202509120712/tools/bin/../lib/gcc/arm-none-eabi/13.3.1/thumb/v7e-m/nofp/crtbegin.o
 *(.init)
 .init          0x08000668        0x4 /opt/st/stm32cubeide_2.0.0/plugins/com.st.stm32cube.ide.mcu.externaltools.gnu-tools-for-stm32.13.3.rel1.linux64_1.0.100.202509120712/tools/bin/../lib/gcc/arm-none-eabi/13.3.1/thumb/v7e-m/nofp/crti.o
                0x08000668                _init
 .init          0x0800066c        0x8 /opt/st/stm32cubeide_2.0.0/plugins/com.st.stm32cube.ide.mcu.externaltools.gnu-tools-for-stm32.13.3.rel1.linux64_1.0.100.202509120712/tools/bin/../lib/gcc/arm-none-eabi/13.3.1/thumb/v7e-m/nofp/crtn.o
 *(.fini)
 .fini          0x08000674        0x4 /opt/st/stm32cubeide_2.0.0/plugins/com.st.stm32cube.ide.mcu.externaltools.gnu-tools-for-stm32.13.3.rel1.linux64_1.0.100.202509120712/tools/bin/../lib/gcc/arm-none-eabi/13.3.1/thumb/v7e-m/nofp/crti.o
                0x08000674                _fini
 .fini          0x08000678        0x8 /opt/st/stm32cubeide_2.0.0/plugins/com.st.stm32cube.ide.mcu.externaltools.gnu-tools-for-stm32.13.3.rel1.linux64_1.0.100.202509120712/tools/bin/../lib/gcc/arm-none-eabi/13.3.1/thumb/v7e-m/nofp/crtn.o
                0x08000680                        . = ALIGN (0x4)
                0x08000680                        _etext = .

.vfp11_veneer   0x08000680        0x0
 .vfp11_veneer  0x08000680        0x0 linker stubs

.v4_bx          0x08000680        0x0
 .v4_bx         0x08000680        0x0 linker stubs

.iplt           0x08000680        0x0
 .iplt          0x08000680        0x0 /opt/st/stm32cubeide_2.0.0/plugins/com.st.stm32cube.ide.mcu.externaltools.gnu-tools-for-stm32.13.3.rel1.linux64_1.0.100.202509120712/tools/bin/../lib/gcc/arm-none-eabi/13.3.1/thumb/v7e-m/nofp/crtbegin.o

.rodata         0x08000680        0x0
                0x08000680                        . = ALIGN (0x4)
 *(.rodata)
 *(.rodata*)
                0x08000680                        . = ALIGN (0x4)

.ARM.extab      0x08000680        0x0
                0x08000680                        . = ALIGN (0x4)
 *(.ARM.extab* .gnu.linkonce.armextab.*)
                0x08000680                        . = ALIGN (0x4)

.ARM            0x08000680        0x0
                0x08000680                        . = ALIGN (0x4)
                0x08000680                        __exidx_start = .
 *(.ARM.exidx*)
                0x08000680                        __exidx_end = .
                0x08000680                        . = ALIGN (0x4)

.preinit_array  0x08000680        0x0
                0x08000680                        . = ALIGN (0x4)
                0x08000680                        PROVIDE (__preinit_array_start = .)
 *(.preinit_array*)
                0x08000680                        PROVIDE (__preinit_array_end = .)
                0x08000680                        . = ALIGN (0x4)

.init_array     0x08000680        0x4
                0x08000680                        . = ALIGN (0x4)
                0x08000680                        PROVIDE (__init_array_start = .)
 *(SORT_BY_NAME(.init_array.*))
 *(.init_array*)
 .init_array    0x08000680        0x4 /opt/st/stm32cubeide_2.0.0/plugins/com.st.stm32cube.ide.mcu.externaltools.gnu-tools-for-stm32.13.3.rel1.linux64_1.0.100.202509120712/tools/bin/../lib/gcc/arm-none-eabi/13.3.1/thumb/v7e-m/nofp/crtbegin.o
                0x08000684                        PROVIDE (__init_array_end = .)
                0x08000684                        . = ALIGN (0x4)

.fini_array     0x08000684        0x4
                0x08000684                        . = ALIGN (0x4)
                [!provide]                        PROVIDE (__fini_array_start = .)
 *(SORT_BY_NAME(.fini_array.*))
 *(.fini_array*)
 .fini_array    0x08000684        0x4 /opt/st/stm32cubeide_2.0.0/plugins/com.st.stm32cube.ide.mcu.externaltools.gnu-tools-for-stm32.13.3.rel1.linux64_1.0.100.202509120712/tools/bin/../lib/gcc/arm-none-eabi/13.3.1/thumb/v7e-m/nofp/crtbegin.o
                [!provide]                        PROVIDE (__fini_array_end = .)
                0x08000688                        . = ALIGN (0x4)
                0x08000688                        _sidata = LOADADDR (.data)

.rel.dyn        0x08000688        0x0
 .rel.iplt      0x08000688        0x0 /opt/st/stm32cubeide_2.0.0/plugins/com.st.stm32cube.ide.mcu.externaltools.gnu-tools-for-stm32.13.3.rel1.linux64_1.0.100.202509120712/tools/bin/../lib/gcc/arm-none-eabi/13.3.1/thumb/v7e-m/nofp/crtbegin.o

.data           0x20000000        0x0 load address 0x08000688
                0x20000000                        . = ALIGN (0x4)
                0x20000000                        _sdata = .
 *(.data)
 *(.data*)
 *(.RamFunc)
 *(.RamFunc*)
                0x20000000                        . = ALIGN (0x4)
                0x20000000                        _edata = .

.igot.plt       0x20000000        0x0 load address 0x08000688
 .igot.plt      0x20000000        0x0 /opt/st/stm32cubeide_2.0.0/plugins/com.st.stm32cube.ide.mcu.externaltools.gnu-tools-for-stm32.13.3.rel1.linux64_1.0.100.202509120712/tools/bin/../lib/gcc/arm-none-eabi/13.3.1/thumb/v7e-m/nofp/crtbegin.o
                0x20000000                        . = ALIGN (0x4)

.bss            0x20000000       0x1c load address 0x08000688
                0x20000000                        _sbss = .
                0x20000000                        __bss_start__ = _sbss
 *(.bss)
 .bss           0x20000000       0x1c /opt/st/stm32cubeide_2.0.0/plugins/com.st.stm32cube.ide.mcu.externaltools.gnu-tools-for-stm32.13.3.rel1.linux64_1.0.100.202509120712/tools/bin/../lib/gcc/arm-none-eabi/13.3.1/thumb/v7e-m/nofp/crtbegin.o
 *(.bss*)
 *(COMMON)
                0x2000001c                        . = ALIGN (0x4)
                0x2000001c                        _ebss = .
                0x2000001c                        __bss_end__ = _ebss

._user_heap_stack
                0x2000001c      0x604 load address 0x08000688
                0x20000020                        . = ALIGN (0x8)
 *fill*         0x2000001c        0x4 
                [!provide]                        PROVIDE (end = .)
                0x20000020                        PROVIDE (_end = .)
                0x20000220                        . = (. + _Min_Heap_Size)
 *fill*         0x20000020      0x200 
                0x20000620                        . = (. + _Min_Stack_Size)
 *fill*         0x20000220      0x400 
                0x20000620                        . = ALIGN (0x8)

/DISCARD/
 libc.a(*)
 libm.a(*)
 libgcc.a(*)

.ARM.attributes
                0x00000000       0x2a
 *(.ARM.attributes)
 .ARM.attributes
                0x00000000       0x1e /opt/st/stm32cubeide_2.0.0/plugins/com.st.stm32cube.ide.mcu.externaltools.gnu-tools-for-stm32.13.3.rel1.linux64_1.0.100.202509120712/tools/bin/../lib/gcc/arm-none-eabi/13.3.1/thumb/v7e-m/nofp/crti.o
 .ARM.attributes
                0x0000001e       0x2e /opt/st/stm32cubeide_2.0.0/plugins/com.st.stm32cube.ide.mcu.externaltools.gnu-tools-for-stm32.13.3.rel1.linux64_1.0.100.202509120712/tools/bin/../lib/gcc/arm-none-eabi/13.3.1/thumb/v7e-m/nofp/crtbegin.o
 .ARM.attributes
                0x0000004c       0x2e ./DRIVERS/SRC/STM32F446XX_GPIO_DRIVER.o
 .ARM.attributes
                0x0000007a       0x2e ./Src/001_Led_Toggle.o
 .ARM.attributes
                0x000000a8       0x21 ./Startup/startup_stm32f446retx.o
 .ARM.attributes
                0x000000c9       0x2e /opt/st/stm32cubeide_2.0.0/plugins/com.st.stm32cube.ide.mcu.externaltools.gnu-tools-for-stm32.13.3.rel1.linux64_1.0.100.202509120712/tools/bin/../lib/gcc/arm-none-eabi/13.3.1/../../../../arm-none-eabi/lib/thumb/v7e-m/nofp/libc_nano.a(libc_a-init.o)
 .ARM.attributes
                0x000000f7       0x1e /opt/st/stm32cubeide_2.0.0/plugins/com.st.stm32cube.ide.mcu.externaltools.gnu-tools-for-stm32.13.3.rel1.linux64_1.0.100.202509120712/tools/bin/../lib/gcc/arm-none-eabi/13.3.1/thumb/v7e-m/nofp/crtn.o
OUTPUT(STM32F4XX_DRIVERS.elf elf32-littlearm)
LOAD linker stubs
LOAD /opt/st/stm32cubeide_2.0.0/plugins/com.st.stm32cube.ide.mcu.externaltools.gnu-tools-for-stm32.13.3.rel1.linux64_1.0.100.202509120712/tools/bin/../lib/gcc/arm-none-eabi/13.3.1/../../../../arm-none-eabi/lib/thumb/v7e-m/nofp/libc.a
LOAD /opt/st/stm32cubeide_2.0.0/plugins/com.st.stm32cube.ide.mcu.externaltools.gnu-tools-for-stm32.13.3.rel1.linux64_1.0.100.202509120712/tools/bin/../lib/gcc/arm-none-eabi/13.3.1/../../../../arm-none-eabi/lib/thumb/v7e-m/nofp/libm.a
LOAD /opt/st/stm32cubeide_2.0.0/plugins/com.st.stm32cube.ide.mcu.externaltools.gnu-tools-for-stm32.13.3.rel1.linux64_1.0.100.202509120712/tools/bin/../lib/gcc/arm-none-eabi/13.3.1/thumb/v7e-m/nofp/libgcc.a

.debug_info     0x00000000      0x88a
 .debug_info    0x00000000      0x5e3 ./DRIVERS/SRC/STM32F446XX_GPIO_DRIVER.o
 .debug_info    0x000005e3      0x277 ./Src/001_Led_Toggle.o
 .debug_info    0x0000085a       0x30 ./Startup/startup_stm32f446retx.o

.debug_abbrev   0x00000000      0x289
 .debug_abbrev  0x00000000      0x154 ./DRIVERS/SRC/STM32F446XX_GPIO_DRIVER.o
 .debug_abbrev  0x00000154      0x111 ./Src/001_Led_Toggle.o
 .debug_abbrev  0x00000265       0x24 ./Startup/startup_stm32f446retx.o

.debug_aranges  0x00000000       0xb0
 .debug_aranges
                0x00000000       0x60 ./DRIVERS/SRC/STM32F446XX_GPIO_DRIVER.o
 .debug_aranges
                0x00000060       0x28 ./Src/001_Led_Toggle.o
 .debug_aranges
                0x00000088       0x28 ./Startup/startup_stm32f446retx.o

.debug_rnglists
                0x00000000       0x79
 .debug_rnglists
                0x00000000       0x47 ./DRIVERS/SRC/STM32F446XX_GPIO_DRIVER.o
 .debug_rnglists
                0x00000047       0x19 ./Src/001_Led_Toggle.o
 .debug_rnglists
                0x00000060       0x19 ./Startup/startup_stm32f446retx.o

.debug_macro    0x00000000     0x2017
 .debug_macro   0x00000000      0x15d ./DRIVERS/SRC/STM32F446XX_GPIO_DRIVER.o
 .debug_macro   0x0000015d      0xad8 ./DRIVERS/SRC/STM32F446XX_GPIO_DRIVER.o
 .debug_macro   0x00000c35       0x22 ./DRIVERS/SRC/STM32F446XX_GPIO_DRIVER.o
 .debug_macro   0x00000c57       0x5b ./DRIVERS/SRC/STM32F446XX_GPIO_DRIVER.o
 .debug_macro   0x00000cb2       0x24 ./DRIVERS/SRC/STM32F446XX_GPIO_DRIVER.o
 .debug_macro   0x00000cd6       0x94 ./DRIVERS/SRC/STM32F446XX_GPIO_DRIVER.o
 .debug_macro   0x00000d6a       0x43 ./DRIVERS/SRC/STM32F446XX_GPIO_DRIVER.o
 .debug_macro   0x00000dad       0x34 ./DRIVERS/SRC/STM32F446XX_GPIO_DRIVER.o
 .debug_macro   0x00000de1       0x16 ./DRIVERS/SRC/STM32F446XX_GPIO_DRIVER.o
 .debug_macro   0x00000df7       0x57 ./DRIVERS/SRC/STM32F446XX_GPIO_DRIVER.o
 .debug_macro   0x00000e4e       0x9e ./DRIVERS/SRC/STM32F446XX_GPIO_DRIVER.o
 .debug_macro   0x00000eec      0x370 ./DRIVERS/SRC/STM32F446XX_GPIO_DRIVER.o
 .debug_macro   0x0000125c      0x112 ./DRIVERS/SRC/STM32F446XX_GPIO_DRIVER.o
 .debug_macro   0x0000136e       0x10 ./DRIVERS/SRC/STM32F446XX_GPIO_DRIVER.o
 .debug_macro   0x0000137e       0x16 ./DRIVERS/SRC/STM32F446XX_GPIO_DRIVER.o
 .debug_macro   0x00001394       0x4a ./DRIVERS/SRC/STM32F446XX_GPIO_DRIVER.o
 .debug_macro   0x000013de       0x34 ./DRIVERS/SRC/STM32F446XX_GPIO_DRIVER.o
 .debug_macro   0x00001412       0x10 ./DRIVERS/SRC/STM32F446XX_GPIO_DRIVER.o
 .debug_macro   0x00001422       0x58 ./DRIVERS/SRC/STM32F446XX_GPIO_DRIVER.o
 .debug_macro   0x0000147a       0x8e ./DRIVERS/SRC/STM32F446XX_GPIO_DRIVER.o
 .debug_macro   0x00001508       0x1c ./DRIVERS/SRC/STM32F446XX_GPIO_DRIVER.o
 .debug_macro   0x00001524      0x185 ./DRIVERS/SRC/STM32F446XX_GPIO_DRIVER.o
 .debug_macro   0x000016a9       0x16 ./DRIVERS/SRC/STM32F446XX_GPIO_DRIVER.o
 .debug_macro   0x000016bf       0x16 ./DRIVERS/SRC/STM32F446XX_GPIO_DRIVER.o
 .debug_macro   0x000016d5      0x146 ./DRIVERS/SRC/STM32F446XX_GPIO_DRIVER.o
 .debug_macro   0x0000181b      0x103 ./DRIVERS/SRC/STM32F446XX_GPIO_DRIVER.o
 .debug_macro   0x0000191e       0x6a ./DRIVERS/SRC/STM32F446XX_GPIO_DRIVER.o
 .debug_macro   0x00001988      0x1df ./DRIVERS/SRC/STM32F446XX_GPIO_DRIVER.o
 .debug_macro   0x00001b67      0x28f ./DRIVERS/SRC/STM32F446XX_GPIO_DRIVER.o
 .debug_macro   0x00001df6       0xc4 ./DRIVERS/SRC/STM32F446XX_GPIO_DRIVER.o
 .debug_macro   0x00001eba      0x15d ./Src/001_Led_Toggle.o

.debug_line     0x00000000      0xee7
 .debug_line    0x00000000      0x915 ./DRIVERS/SRC/STM32F446XX_GPIO_DRIVER.o
 .debug_line    0x00000915      0x557 ./Src/001_Led_Toggle.o
 .debug_line    0x00000e6c       0x7b ./Startup/startup_stm32f446retx.o

.debug_str      0x00000000     0x8d21
 .debug_str     0x00000000     0x8d21 ./DRIVERS/SRC/STM32F446XX_GPIO_DRIVER.o
                               0x8ec2 (size before relaxing)
 .debug_str     0x00008d21        0x0 ./Src/001_Led_Toggle.o
                               0x8cd9 (size before relaxing)
 .debug_str     0x00008d21        0x0 ./Startup/startup_stm32f446retx.o
                                 0x7e (size before relaxing)

.comment        0x00000000       0x43
 .comment       0x00000000       0x43 ./DRIVERS/SRC/STM32F446XX_GPIO_DRIVER.o
                                 0x44 (size before relaxing)
 .comment       0x00000043        0x0 ./Src/001_Led_Toggle.o
                                 0x44 (size before relaxing)

.debug_frame    0x00000000      0x1fc
 .debug_frame   0x00000000      0x178 ./DRIVERS/SRC/STM32F446XX_GPIO_DRIVER.o
 .debug_frame   0x00000178       0x58 ./Src/001_Led_Toggle.o
 .debug_frame   0x000001d0       0x2c /opt/st/stm32cubeide_2.0.0/plugins/com.st.stm32cube.ide.mcu.externaltools.gnu-tools-for-stm32.13.3.rel1.linux64_1.0.100.202509120712/tools/bin/../lib/gcc/arm-none-eabi/13.3.1/../../../../arm-none-eabi/lib/thumb/v7e-m/nofp/libc_nano.a(libc_a-init.o)

.debug_line_str
                0x00000000       0x62
 .debug_line_str
                0x00000000       0x62 ./Startup/startup_stm32f446retx.o
