23:36:37 **** Incremental Build of configuration Debug for project 005_HSI_Measurement ****
make -j16 all 
arm-none-eabi-gcc -mcpu=cortex-m4 -g3 -DDEBUG -c -x assembler-with-cpp -MMD -MP -MF"Startup/startup_stm32f446retx.d" -MT"Startup/startup_stm32f446retx.o" --specs=nano.specs -mfloat-abi=soft -mthumb -o "Startup/startup_stm32f446retx.o" "../Startup/startup_stm32f446retx.s"
arm-none-eabi-gcc "../Src/main.c" -mcpu=cortex-m4 -std=gnu11 -g3 -DDEBUG -DSTM32 -DSTM32F4 -DSTM32F446RETx -DNUCLEO_F446RE -c -I../Inc -O0 -ffunction-sections -fdata-sections -Wall -fstack-usage -fcyclomatic-complexity -MMD -MP -MF"Src/main.d" -MT"Src/main.o" --specs=nano.specs -mfloat-abi=soft -mthumb -o "Src/main.o"
arm-none-eabi-gcc "../Src/syscalls.c" -mcpu=cortex-m4 -std=gnu11 -g3 -DDEBUG -DSTM32 -DSTM32F4 -DSTM32F446RETx -DNUCLEO_F446RE -c -I../Inc -O0 -ffunction-sections -fdata-sections -Wall -fstack-usage -fcyclomatic-complexity -MMD -MP -MF"Src/syscalls.d" -MT"Src/syscalls.o" --specs=nano.specs -mfloat-abi=soft -mthumb -o "Src/syscalls.o"
arm-none-eabi-gcc "../Src/sysmem.c" -mcpu=cortex-m4 -std=gnu11 -g3 -DDEBUG -DSTM32 -DSTM32F4 -DSTM32F446RETx -DNUCLEO_F446RE -c -I../Inc -O0 -ffunction-sections -fdata-sections -Wall -fstack-usage -fcyclomatic-complexity -MMD -MP -MF"Src/sysmem.d" -MT"Src/sysmem.o" --specs=nano.specs -mfloat-abi=soft -mthumb -o "Src/sysmem.o"
arm-none-eabi-gcc -o "005_HSI_Measurement.elf" @"objects.list"   -mcpu=cortex-m4 -T"/home/mathesh/Driver-Development-Stm32/005_HSI_Measurement/STM32F446RETX_FLASH.ld" --specs=nosys.specs -Wl,-Map="005_HSI_Measurement.map" -Wl,--gc-sections -static --specs=nano.specs -mfloat-abi=soft -mthumb -Wl,--start-group -lc -lm -Wl,--end-group
/opt/st/stm32cubeide_2.0.0/plugins/com.st.stm32cube.ide.mcu.externaltools.gnu-tools-for-stm32.13.3.rel1.linux64_1.0.100.202509120712/tools/bin/../lib/gcc/arm-none-eabi/13.3.1/../../../../arm-none-eabi/bin/ld: warning: 005_HSI_Measurement.elf has a LOAD segment with RWX permissions
Finished building target: 005_HSI_Measurement.elf
 
arm-none-eabi-size  005_HSI_Measurement.elf 
arm-none-eabi-objdump -h -S 005_HSI_Measurement.elf  > "005_HSI_Measurement.list"
   text	   data	    bss	    dec	    hex	filename
    824	      8	   1568	   2400	    960	005_HSI_Measurement.elf
Finished building: default.size.stdout
 
Finished building: 005_HSI_Measurement.list
 

23:36:37 Build Finished. 0 errors, 1 warnings. (took 115ms)

